manifest should match snapshot:
  1: |
    apiVersion: slinky.slurm.net/v1beta1
    kind: LoginSet
    metadata:
      labels:
        app.kubernetes.io/managed-by: Helm
        app.kubernetes.io/part-of: slurm
        app.kubernetes.io/version: 1.2.3
        helm.sh/chart: slurm-1.2.3
      name: test-release-slurm-login-slinky
      namespace: test-namespace
    spec:
      controllerRef:
        name: test-release-slurm
        namespace: test-namespace
      initconf:
        image: docker.io/library/alpine:latest
        imagePullPolicy: IfNotPresent
        resources: {}
      login:
        env: []
        image: ghcr.io/slinkyproject/login:v1.2.3
        imagePullPolicy: IfNotPresent
        resources: {}
        securityContext:
          privileged: false
        volumeMounts:
        - mountPath: /home
          name: shared-home
      replicas: 1
      strategy:
        type: Recreate
      service:
        metadata: {}
        nodePort: 30122
        port: 22
        spec:
          type: NodePort
      sssdConfRef:
        key: sssd.conf
        name: test-release-slurm-sssd-conf
      template:
        metadata:
          labels:
            app.kubernetes.io/managed-by: Helm
            app.kubernetes.io/part-of: slurm
            app.kubernetes.io/version: 1.2.3
            helm.sh/chart: slurm-1.2.3
        spec:
          affinity: {}
          imagePullSecrets: null
          initContainers: []
          nodeSelector:
            kubernetes.io/hostname: master
            kubernetes.io/os: linux
          priorityClassName: ""
          resources: {}
          tolerations: []
          volumes:
          - name: shared-home
            persistentVolumeClaim:
              claimName: test-release-slurm-shared-home
